// Jest Snapshot v1, https://goo.gl/fbAQLP

exports[`renders correctly 1`] = `
<div
  className="rocket__container list-group list-group-flush"
  onKeyDown={[Function]}
/>
`;
